// Jest Snapshot v1, https://goo.gl/fbAQLP

exports[`GraphQL schema is backward compatible 1`] = `
GraphQLSchema {
  "__validationErrors": undefined,
  "_directives": Array [
    "@include",
    "@skip",
    "@deprecated",
    "@specifiedBy",
  ],
  "_implementationsMap": Object {},
  "_mutationType": undefined,
  "_queryType": "Query",
  "_subTypeMap": Object {},
  "_subscriptionType": undefined,
  "_typeMap": Object {
    "Boolean": "Boolean",
    "Clip": "Clip",
    "ClipChapter": "ClipChapter",
    "ClipMonetization": "ClipMonetization",
    "Clips": "Clips",
    "DirectoryLinks": "DirectoryLinks",
    "Float": "Float",
    "Int": "Int",
    "Playlist": "Playlist",
    "Playlists": "Playlists",
    "Program": "Program",
    "ProgramEnrichment": "ProgramEnrichment",
    "ProgramSponsor": "ProgramSponsor",
    "Query": "Query",
    "RecordingMetadata": "RecordingMetadata",
    "String": "String",
    "__Directive": "__Directive",
    "__DirectiveLocation": "__DirectiveLocation",
    "__EnumValue": "__EnumValue",
    "__Field": "__Field",
    "__InputValue": "__InputValue",
    "__Schema": "__Schema",
    "__Type": "__Type",
    "__TypeKind": "__TypeKind",
  },
  "astNode": Object {
    "description": undefined,
    "directives": Array [],
    "kind": "SchemaDefinition",
    "loc": Object {
      "end": 23,
      "start": 0,
    },
    "operationTypes": Array [
      Object {
        "kind": "OperationTypeDefinition",
        "loc": Object {
          "end": 21,
          "start": 9,
        },
        "operation": "query",
        "type": Object {
          "kind": "NamedType",
          "loc": Object {
            "end": 21,
            "start": 16,
          },
          "name": Object {
            "kind": "Name",
            "loc": Object {
              "end": 21,
              "start": 16,
            },
            "value": "Query",
          },
        },
      },
    ],
  },
  "description": undefined,
  "extensionASTNodes": Array [],
  "extensions": undefined,
}
`;
